// Jest Snapshot v1, https://goo.gl/fbAQLP

exports[`NavBar should render correctly 1`] = `
<nav
  class="css-1gcb75"
  data-testid="nav-bar"
/>
`;
