// Jest Snapshot v1, https://goo.gl/fbAQLP

exports[`Providers should render correctly 1`] = `
<div
  data-testid="test-child"
>
  Test Child
</div>
`;
